// Jest Snapshot v1, https://goo.gl/fbAQLP

exports[`minimal usage 1`] = `
Object {
  "Parameters": Object {
    "AssetParameters5be1168e15dd40da96542abb8a2816789f50fc99e3b8d7b0736dde7ce96d4a22ArtifactHashC898E737": Object {
      "Description": "Artifact hash for asset \\"5be1168e15dd40da96542abb8a2816789f50fc99e3b8d7b0736dde7ce96d4a22\\"",
      "Type": "String",
    },
    "AssetParameters5be1168e15dd40da96542abb8a2816789f50fc99e3b8d7b0736dde7ce96d4a22S3BucketBB756243": Object {
      "Description": "S3 bucket for asset \\"5be1168e15dd40da96542abb8a2816789f50fc99e3b8d7b0736dde7ce96d4a22\\"",
      "Type": "String",
    },
    "AssetParameters5be1168e15dd40da96542abb8a2816789f50fc99e3b8d7b0736dde7ce96d4a22S3VersionKeyB56ECF04": Object {
      "Description": "S3 key for asset version \\"5be1168e15dd40da96542abb8a2816789f50fc99e3b8d7b0736dde7ce96d4a22\\"",
      "Type": "String",
    },
    "AssetParametersb7bafce2ecc2a6587072785867a031daf2e2cc935389ac4b34dbee245efb0944ArtifactHashB2B0C840": Object {
      "Description": "Artifact hash for asset \\"b7bafce2ecc2a6587072785867a031daf2e2cc935389ac4b34dbee245efb0944\\"",
      "Type": "String",
    },
    "AssetParametersb7bafce2ecc2a6587072785867a031daf2e2cc935389ac4b34dbee245efb0944S3Bucket01CFCFB9": Object {
      "Description": "S3 bucket for asset \\"b7bafce2ecc2a6587072785867a031daf2e2cc935389ac4b34dbee245efb0944\\"",
      "Type": "String",
    },
    "AssetParametersb7bafce2ecc2a6587072785867a031daf2e2cc935389ac4b34dbee245efb0944S3VersionKey763F22D1": Object {
      "Description": "S3 key for asset version \\"b7bafce2ecc2a6587072785867a031daf2e2cc935389ac4b34dbee245efb0944\\"",
      "Type": "String",
    },
  },
  "Resources": Object {
    "MyCanary1A94CAFA": Object {
      "Properties": Object {
        "ArtifactS3Location": Object {
          "Fn::Join": Array [
            "",
            Array [
              "s3://",
              Object {
                "Ref": "MyCanaryArtifactsBucket89975E6D",
              },
            ],
          ],
        },
        "Code": Object {
          "Handler": "index.handler",
          "Script": "console.log(\\"Hello World!\\");",
        },
        "ExecutionRoleArn": Object {
          "Fn::GetAtt": Array [
            "MyCanaryServiceRole593F9DD9",
            "Arn",
          ],
        },
        "Name": "mycanary",
        "RuntimeVersion": "syn-nodejs-puppeteer-3.1",
        "Schedule": Object {
          "DurationInSeconds": "0",
          "Expression": "rate(5 minutes)",
        },
        "StartCanaryAfterCreation": true,
      },
      "Type": "AWS::Synthetics::Canary",
    },
    "MyCanaryArtifactsBucket89975E6D": Object {
      "DeletionPolicy": "Retain",
      "Properties": Object {
        "BucketEncryption": Object {
          "ServerSideEncryptionConfiguration": Array [
            Object {
              "ServerSideEncryptionByDefault": Object {
                "SSEAlgorithm": "aws:kms",
              },
            },
          ],
        },
      },
      "Type": "AWS::S3::Bucket",
      "UpdateReplacePolicy": "Retain",
    },
    "MyCanaryServiceRole593F9DD9": Object {
      "Properties": Object {
        "AssumeRolePolicyDocument": Object {
          "Statement": Array [
            Object {
              "Action": "sts:AssumeRole",
              "Effect": "Allow",
              "Principal": Object {
                "Service": "lambda.amazonaws.com",
              },
            },
          ],
          "Version": "2012-10-17",
        },
        "Policies": Array [
          Object {
            "PolicyDocument": Object {
              "Statement": Array [
                Object {
                  "Action": "s3:ListAllMyBuckets",
                  "Effect": "Allow",
                  "Resource": "*",
                },
                Object {
                  "Action": Array [
                    "s3:PutObject",
                    "s3:GetBucketLocation",
                  ],
                  "Effect": "Allow",
                  "Resource": Object {
                    "Fn::Join": Array [
                      "",
                      Array [
                        Object {
                          "Fn::GetAtt": Array [
                            "MyCanaryArtifactsBucket89975E6D",
                            "Arn",
                          ],
                        },
                        "/*",
                      ],
                    ],
                  },
                },
                Object {
                  "Action": "cloudwatch:PutMetricData",
                  "Condition": Object {
                    "StringEquals": Object {
                      "cloudwatch:namespace": "CloudWatchSynthetics",
                    },
                  },
                  "Effect": "Allow",
                  "Resource": "*",
                },
                Object {
                  "Action": Array [
                    "logs:CreateLogStream",
                    "logs:CreateLogGroup",
                    "logs:PutLogEvents",
                  ],
                  "Effect": "Allow",
                  "Resource": Object {
                    "Fn::Join": Array [
                      "",
                      Array [
                        "arn:",
                        Object {
                          "Ref": "AWS::Partition",
                        },
                        ":logs:::*",
                      ],
                    ],
                  },
                },
              ],
              "Version": "2012-10-17",
            },
            "PolicyName": "canaryPolicy",
          },
        ],
      },
      "Type": "AWS::IAM::Role",
    },
    "stepFunctionOrchestratorStateMachineF8793934": Object {
      "DependsOn": Array [
        "stepFunctionOrchestratorStateMachineRoleDefaultPolicyD79CE2EB",
        "stepFunctionOrchestratorStateMachineRoleCB591CC7",
      ],
      "Properties": Object {
        "DefinitionString": Object {
          "Fn::Join": Array [
            "",
            Array [
              "{\\"StartAt\\":\\"Start Canary\\",\\"States\\":{\\"Start Canary\\":{\\"Next\\":\\"Wait X Seconds\\",\\"Retry\\":[{\\"ErrorEquals\\":[\\"Lambda.ServiceException\\",\\"Lambda.AWSLambdaException\\",\\"Lambda.SdkClientException\\"],\\"IntervalSeconds\\":2,\\"MaxAttempts\\":6,\\"BackoffRate\\":2}],\\"Type\\":\\"Task\\",\\"Resource\\":\\"arn:",
              Object {
                "Ref": "AWS::Partition",
              },
              ":states:::lambda:invoke\\",\\"Parameters\\":{\\"FunctionName\\":\\"",
              Object {
                "Fn::GetAtt": Array [
                  "stepFunctionOrchestratorstartCanaryF0F8EDC8",
                  "Arn",
                ],
              },
              "\\",\\"Payload.$\\":\\"$\\"}},\\"Wait X Seconds\\":{\\"Type\\":\\"Wait\\",\\"SecondsPath\\":\\"10\\",\\"Next\\":\\"Get Job Status\\"},\\"Get Job Status\\":{\\"Next\\":\\"Job Complete?\\",\\"Retry\\":[{\\"ErrorEquals\\":[\\"Lambda.ServiceException\\",\\"Lambda.AWSLambdaException\\",\\"Lambda.SdkClientException\\"],\\"IntervalSeconds\\":2,\\"MaxAttempts\\":6,\\"BackoffRate\\":2}],\\"Type\\":\\"Task\\",\\"InputPath\\":\\"",
              Object {
                "Ref": "MyCanary1A94CAFA",
              },
              "\\",\\"Resource\\":\\"arn:",
              Object {
                "Ref": "AWS::Partition",
              },
              ":states:::lambda:invoke\\",\\"Parameters\\":{\\"FunctionName\\":\\"",
              Object {
                "Fn::GetAtt": Array [
                  "stepFunctionOrchestratorcheckCanary6F2AAE98",
                  "Arn",
                ],
              },
              "\\",\\"Payload.$\\":\\"$\\"}},\\"Job Complete?\\":{\\"Type\\":\\"Choice\\",\\"Choices\\":[{\\"Variable\\":\\"$.status\\",\\"StringEquals\\":\\"FAILED\\",\\"Next\\":\\"Job Failed\\"},{\\"Variable\\":\\"$.status\\",\\"StringEquals\\":\\"SUCCEEDED\\",\\"Next\\":\\"Get Final Job Status\\"}],\\"Default\\":\\"Wait X Seconds\\"},\\"Job Failed\\":{\\"Type\\":\\"Fail\\",\\"Error\\":\\"DescribeJob returned FAILED\\",\\"Cause\\":\\"AWS Synthetics Canary run Failed\\"},\\"Get Final Job Status\\":{\\"End\\":true,\\"Retry\\":[{\\"ErrorEquals\\":[\\"Lambda.ServiceException\\",\\"Lambda.AWSLambdaException\\",\\"Lambda.SdkClientException\\"],\\"IntervalSeconds\\":2,\\"MaxAttempts\\":6,\\"BackoffRate\\":2}],\\"Type\\":\\"Task\\",\\"InputPath\\":\\"$.guid\\",\\"Resource\\":\\"arn:",
              Object {
                "Ref": "AWS::Partition",
              },
              ":states:::lambda:invoke\\",\\"Parameters\\":{\\"FunctionName\\":\\"",
              Object {
                "Fn::GetAtt": Array [
                  "stepFunctionOrchestratorcheckCanary6F2AAE98",
                  "Arn",
                ],
              },
              "\\",\\"Payload.$\\":\\"$\\"}}},\\"TimeoutSeconds\\":300}",
            ],
          ],
        },
        "RoleArn": Object {
          "Fn::GetAtt": Array [
            "stepFunctionOrchestratorStateMachineRoleCB591CC7",
            "Arn",
          ],
        },
      },
      "Type": "AWS::StepFunctions::StateMachine",
    },
    "stepFunctionOrchestratorStateMachineRoleCB591CC7": Object {
      "Properties": Object {
        "AssumeRolePolicyDocument": Object {
          "Statement": Array [
            Object {
              "Action": "sts:AssumeRole",
              "Effect": "Allow",
              "Principal": Object {
                "Service": Object {
                  "Fn::Join": Array [
                    "",
                    Array [
                      "states.",
                      Object {
                        "Ref": "AWS::Region",
                      },
                      ".amazonaws.com",
                    ],
                  ],
                },
              },
            },
          ],
          "Version": "2012-10-17",
        },
      },
      "Type": "AWS::IAM::Role",
    },
    "stepFunctionOrchestratorStateMachineRoleDefaultPolicyD79CE2EB": Object {
      "Properties": Object {
        "PolicyDocument": Object {
          "Statement": Array [
            Object {
              "Action": "lambda:InvokeFunction",
              "Effect": "Allow",
              "Resource": Object {
                "Fn::GetAtt": Array [
                  "stepFunctionOrchestratorstartCanaryF0F8EDC8",
                  "Arn",
                ],
              },
            },
            Object {
              "Action": "lambda:InvokeFunction",
              "Effect": "Allow",
              "Resource": Object {
                "Fn::GetAtt": Array [
                  "stepFunctionOrchestratorcheckCanary6F2AAE98",
                  "Arn",
                ],
              },
            },
          ],
          "Version": "2012-10-17",
        },
        "PolicyName": "stepFunctionOrchestratorStateMachineRoleDefaultPolicyD79CE2EB",
        "Roles": Array [
          Object {
            "Ref": "stepFunctionOrchestratorStateMachineRoleCB591CC7",
          },
        ],
      },
      "Type": "AWS::IAM::Policy",
    },
    "stepFunctionOrchestratorcheckCanary6F2AAE98": Object {
      "DependsOn": Array [
        "stepFunctionOrchestratorcheckCanaryServiceRole4593C5FC",
      ],
      "Properties": Object {
        "Code": Object {
          "S3Bucket": Object {
            "Ref": "AssetParametersb7bafce2ecc2a6587072785867a031daf2e2cc935389ac4b34dbee245efb0944S3Bucket01CFCFB9",
          },
          "S3Key": Object {
            "Fn::Join": Array [
              "",
              Array [
                Object {
                  "Fn::Select": Array [
                    0,
                    Object {
                      "Fn::Split": Array [
                        "||",
                        Object {
                          "Ref": "AssetParametersb7bafce2ecc2a6587072785867a031daf2e2cc935389ac4b34dbee245efb0944S3VersionKey763F22D1",
                        },
                      ],
                    },
                  ],
                },
                Object {
                  "Fn::Select": Array [
                    1,
                    Object {
                      "Fn::Split": Array [
                        "||",
                        Object {
                          "Ref": "AssetParametersb7bafce2ecc2a6587072785867a031daf2e2cc935389ac4b34dbee245efb0944S3VersionKey763F22D1",
                        },
                      ],
                    },
                  ],
                },
              ],
            ],
          },
        },
        "Environment": Object {
          "Variables": Object {
            "AWS_NODEJS_CONNECTION_REUSE_ENABLED": "1",
          },
        },
        "Handler": "index.handler",
        "Role": Object {
          "Fn::GetAtt": Array [
            "stepFunctionOrchestratorcheckCanaryServiceRole4593C5FC",
            "Arn",
          ],
        },
        "Runtime": "nodejs14.x",
      },
      "Type": "AWS::Lambda::Function",
    },
    "stepFunctionOrchestratorcheckCanaryServiceRole4593C5FC": Object {
      "Properties": Object {
        "AssumeRolePolicyDocument": Object {
          "Statement": Array [
            Object {
              "Action": "sts:AssumeRole",
              "Effect": "Allow",
              "Principal": Object {
                "Service": "lambda.amazonaws.com",
              },
            },
          ],
          "Version": "2012-10-17",
        },
        "ManagedPolicyArns": Array [
          Object {
            "Fn::Join": Array [
              "",
              Array [
                "arn:",
                Object {
                  "Ref": "AWS::Partition",
                },
                ":iam::aws:policy/service-role/AWSLambdaBasicExecutionRole",
              ],
            ],
          },
        ],
      },
      "Type": "AWS::IAM::Role",
    },
    "stepFunctionOrchestratorstartCanaryF0F8EDC8": Object {
      "DependsOn": Array [
        "stepFunctionOrchestratorstartCanaryServiceRole34FE2D90",
      ],
      "Properties": Object {
        "Code": Object {
          "S3Bucket": Object {
            "Ref": "AssetParameters5be1168e15dd40da96542abb8a2816789f50fc99e3b8d7b0736dde7ce96d4a22S3BucketBB756243",
          },
          "S3Key": Object {
            "Fn::Join": Array [
              "",
              Array [
                Object {
                  "Fn::Select": Array [
                    0,
                    Object {
                      "Fn::Split": Array [
                        "||",
                        Object {
                          "Ref": "AssetParameters5be1168e15dd40da96542abb8a2816789f50fc99e3b8d7b0736dde7ce96d4a22S3VersionKeyB56ECF04",
                        },
                      ],
                    },
                  ],
                },
                Object {
                  "Fn::Select": Array [
                    1,
                    Object {
                      "Fn::Split": Array [
                        "||",
                        Object {
                          "Ref": "AssetParameters5be1168e15dd40da96542abb8a2816789f50fc99e3b8d7b0736dde7ce96d4a22S3VersionKeyB56ECF04",
                        },
                      ],
                    },
                  ],
                },
              ],
            ],
          },
        },
        "Environment": Object {
          "Variables": Object {
            "AWS_NODEJS_CONNECTION_REUSE_ENABLED": "1",
          },
        },
        "Handler": "index.handler",
        "Role": Object {
          "Fn::GetAtt": Array [
            "stepFunctionOrchestratorstartCanaryServiceRole34FE2D90",
            "Arn",
          ],
        },
        "Runtime": "nodejs14.x",
      },
      "Type": "AWS::Lambda::Function",
    },
    "stepFunctionOrchestratorstartCanaryServiceRole34FE2D90": Object {
      "Properties": Object {
        "AssumeRolePolicyDocument": Object {
          "Statement": Array [
            Object {
              "Action": "sts:AssumeRole",
              "Effect": "Allow",
              "Principal": Object {
                "Service": "lambda.amazonaws.com",
              },
            },
          ],
          "Version": "2012-10-17",
        },
        "ManagedPolicyArns": Array [
          Object {
            "Fn::Join": Array [
              "",
              Array [
                "arn:",
                Object {
                  "Ref": "AWS::Partition",
                },
                ":iam::aws:policy/service-role/AWSLambdaBasicExecutionRole",
              ],
            ],
          },
        ],
      },
      "Type": "AWS::IAM::Role",
    },
  },
}
`;
